
 Name                                    Monthly Qty  Unit   Monthly Cost 
                                                                          
 google_compute_forwarding_rule.default                                   
 ├─ Forwarding rules                             730  hours         $7.30 
 └─ Ingress data                                 500  GB            $4.00 
                                                                          
 OVERALL TOTAL                                                     $11.30 
──────────────────────────────────
1 cloud resource was detected:
∙ 1 was estimated, it includes usage-based costs, see https://infracost.io/usage-file